CMake is re-running because C:/Users/ryosu/repos/yamy/build/x64/CMakeFiles/generate.stamp is out-of-date.
  the file 'C:/Users/ryosu/repos/yamy/CMakeLists.txt'
  is newer than 'C:/Users/ryosu/repos/yamy/build/x64/CMakeFiles/generate.stamp.depend'
  result='-1'
-- Selecting Windows SDK version 10.0.26100.0 to target Windows 10.0.26200.
-- Configuring done (0.0s)
-- Generating done (0.2s)
-- Build files have been written to: C:/Users/ryosu/repos/yamy/build/x64
MSBuild 縺ｮ繝舌・繧ｸ繝ｧ繝ｳ 18.0.5+e22287bf1 (.NET Framework)

  yamy_hook.vcxproj -> C:\Users\ryosu\repos\yamy\build\x64\bin\Release\yamy-64-hook.dll
  Verifying that all .cpp files are included in CMakeLists.txt...
  Checking for missing sources in CMakeLists.txt...
  All .cpp files appear to be included in CMakeLists.txt.
  yamy_engine_new.vcxproj -> C:\Users\ryosu\repos\yamy\build\x64\bin\Release\yamy-64-hook.exe
  yamy_launcher.vcxproj -> C:\Users\ryosu\repos\yamy\build\x64\bin\Release\yamy.exe
  yamy_test.vcxproj -> C:\Users\ryosu\repos\yamy\build\x64\bin\Release\yamy_test.exe
